
# CMD /home/guojingli3/cnss_external_benchmarks_20260921/env/bin/python /home/guojingli3/cnss_external_benchmarks_20260921/run_chinese_encoder.py --model jjzha/esco-xlm-roberta-large --revision 8093cc37ac619a25c5166355acba7be878eb6402 --seed 44 --output /home/guojingli3/cnss_external_benchmarks_20260921/runs/chinese/full/esco-xlm-roberta-large/44
/home/guojingli3/cnss_external_benchmarks_20260921/env/lib/python3.10/site-packages/transformers/utils/hub.py:124: FutureWarning: Using `TRANSFORMERS_CACHE` is deprecated and will be removed in v5 of Transformers. Use `HF_HOME` instead.
  warnings.warn(
/home/guojingli3/cnss_external_benchmarks_20260921/env/lib/python3.10/site-packages/huggingface_hub/file_download.py:949: FutureWarning: `resume_download` is deprecated and will be removed in version 1.0.0. Downloads always resume when possible. If you want to force a new download, use `force_download=True`.
  warnings.warn(
Some weights of XLMRobertaForTokenClassification were not initialized from the model checkpoint at jjzha/esco-xlm-roberta-large and are newly initialized: ['classifier.bias', 'classifier.weight']
You should probably TRAIN this model on a down-stream task to be able to use it for predictions and inference.
{"epoch": 1, "train_loss": 0.8870530868712947, "dev": {"tp": 97, "gold": 345, "pred": 484, "precision": 0.20041322314049587, "recall": 0.2811594202898551, "f1": 0.23401688781664656}}
{"epoch": 2, "train_loss": 0.37202019049122714, "dev": {"tp": 174, "gold": 345, "pred": 460, "precision": 0.3782608695652174, "recall": 0.5043478260869565, "f1": 0.4322981366459627}}
{"epoch": 3, "train_loss": 0.24890215316072958, "dev": {"tp": 211, "gold": 345, "pred": 418, "precision": 0.5047846889952153, "recall": 0.6115942028985507, "f1": 0.5530799475753604}}
{"epoch": 4, "train_loss": 0.17016411400249348, "dev": {"tp": 209, "gold": 345, "pred": 386, "precision": 0.5414507772020726, "recall": 0.6057971014492753, "f1": 0.5718194254445964}}
{"epoch": 5, "train_loss": 0.1308351285850274, "dev": {"tp": 238, "gold": 345, "pred": 426, "precision": 0.5586854460093896, "recall": 0.6898550724637681, "f1": 0.6173800259403373}}
{"epoch": 6, "train_loss": 0.0872286090280998, "dev": {"tp": 252, "gold": 345, "pred": 425, "precision": 0.5929411764705882, "recall": 0.7304347826086957, "f1": 0.6545454545454545}}
{"epoch": 7, "train_loss": 0.06846770356949872, "dev": {"tp": 255, "gold": 345, "pred": 422, "precision": 0.6042654028436019, "recall": 0.7391304347826086, "f1": 0.6649282920469362}}
{"epoch": 8, "train_loss": 0.04654339884186713, "dev": {"tp": 262, "gold": 345, "pred": 409, "precision": 0.6405867970660146, "recall": 0.7594202898550725, "f1": 0.6949602122015915}}
{"epoch": 9, "train_loss": 0.0343059307836765, "dev": {"tp": 249, "gold": 345, "pred": 380, "precision": 0.6552631578947369, "recall": 0.7217391304347827, "f1": 0.6868965517241379}}
{"epoch": 10, "train_loss": 0.0232905900876248, "dev": {"tp": 265, "gold": 345, "pred": 381, "precision": 0.6955380577427821, "recall": 0.7681159420289855, "f1": 0.7300275482093664}}
{"epoch": 11, "train_loss": 0.02336455856485706, "dev": {"tp": 256, "gold": 345, "pred": 399, "precision": 0.6416040100250626, "recall": 0.7420289855072464, "f1": 0.6881720430107527}}
{"epoch": 12, "train_loss": 0.01665908583778454, "dev": {"tp": 265, "gold": 345, "pred": 414, "precision": 0.6400966183574879, "recall": 0.7681159420289855, "f1": 0.6982872200263505}}
{"epoch": 13, "train_loss": 0.012557812884250839, "dev": {"tp": 261, "gold": 345, "pred": 396, "precision": 0.6590909090909091, "recall": 0.7565217391304347, "f1": 0.7044534412955465}}
{"epoch": 14, "train_loss": 0.009956335869031286, "dev": {"tp": 257, "gold": 345, "pred": 405, "precision": 0.6345679012345679, "recall": 0.744927536231884, "f1": 0.6853333333333333}}
{"epoch": 15, "train_loss": 0.007589481189802264, "dev": {"tp": 261, "gold": 345, "pred": 391, "precision": 0.6675191815856778, "recall": 0.7565217391304347, "f1": 0.7092391304347826}}
{"epoch": 16, "train_loss": 0.006910012511280198, "dev": {"tp": 258, "gold": 345, "pred": 402, "precision": 0.6417910447761194, "recall": 0.7478260869565218, "f1": 0.6907630522088354}}
{"epoch": 17, "train_loss": 0.007625298564595115, "dev": {"tp": 252, "gold": 345, "pred": 400, "precision": 0.63, "recall": 0.7304347826086957, "f1": 0.676510067114094}}
{"epoch": 18, "train_loss": 0.01252095897057221, "dev": {"tp": 245, "gold": 345, "pred": 422, "precision": 0.580568720379147, "recall": 0.7101449275362319, "f1": 0.6388526727509778}}
{"epoch": 19, "train_loss": 0.013006843209492584, "dev": {"tp": 249, "gold": 345, "pred": 419, "precision": 0.594272076372315, "recall": 0.7217391304347827, "f1": 0.6518324607329843}}
{"epoch": 20, "train_loss": 0.010988223109791716, "dev": {"tp": 248, "gold": 345, "pred": 417, "precision": 0.5947242206235012, "recall": 0.7188405797101449, "f1": 0.6509186351706037}}
{"status": "completed", "best_epoch": 10, "dev_selection_f1": 0.7300275482093664, "dev": {"tp": 265, "gold": 345, "pred": 381, "precision": 0.6955380577427821, "recall": 0.7681159420289855, "f1": 0.7300275482093664}}
