[create] AlfredJames/cnss-table11-lskt-xlm-roberta-large-b2-s42
[upload] AlfredJames/cnss-table11-lskt-xlm-roberta-large-b2-s42 from /tmp/cnss_table11_hf_staging/xlm-roberta-large/42
{"repo": "AlfredJames/cnss-table11-lskt-xlm-roberta-large-b2-s42", "url": "https://huggingface.co/AlfredJames/cnss-table11-lskt-xlm-roberta-large-b2-s42", "commit": "0c6cc1999f5dec727eec4d682a04e2da947775a9", "private": false, "seed": 42, "encoder": "xlm-roberta-large", "weights_sha256": "c894df3762a57fd8c10af65a2745db33d94f8aa4476fb4077a9615b1de6ef1f5"}
[create] AlfredJames/cnss-table11-lskt-xlm-roberta-large-b2-s43
[upload] AlfredJames/cnss-table11-lskt-xlm-roberta-large-b2-s43 from /tmp/cnss_table11_hf_staging/xlm-roberta-large/43
{"repo": "AlfredJames/cnss-table11-lskt-xlm-roberta-large-b2-s43", "url": "https://huggingface.co/AlfredJames/cnss-table11-lskt-xlm-roberta-large-b2-s43", "commit": "ce98c854fc5a367ff36e837c83a94c5afa22b932", "private": false, "seed": 43, "encoder": "xlm-roberta-large", "weights_sha256": "be3caa3ed3a7ebf5a6ffe3d698440bc15c0b4fb8dd856157e74a47ee45fded49"}
[create] AlfredJames/cnss-table11-lskt-xlm-roberta-large-b2-s44
[upload] AlfredJames/cnss-table11-lskt-xlm-roberta-large-b2-s44 from /tmp/cnss_table11_hf_staging/xlm-roberta-large/44
{"repo": "AlfredJames/cnss-table11-lskt-xlm-roberta-large-b2-s44", "url": "https://huggingface.co/AlfredJames/cnss-table11-lskt-xlm-roberta-large-b2-s44", "commit": "d0f29363f644f0e0835f1291d295caf468b368b9", "private": false, "seed": 44, "encoder": "xlm-roberta-large", "weights_sha256": "8946f8cfe5ed772da6d9d97886f2bd1b86be748dc6209d3c9bd1d98d6121b6e3"}
[create] AlfredJames/cnss-table11-lskt-esco-xlm-roberta-large-b2-s42
[upload] AlfredJames/cnss-table11-lskt-esco-xlm-roberta-large-b2-s42 from /tmp/cnss_table11_hf_staging/esco-xlm-roberta-large/42
{"repo": "AlfredJames/cnss-table11-lskt-esco-xlm-roberta-large-b2-s42", "url": "https://huggingface.co/AlfredJames/cnss-table11-lskt-esco-xlm-roberta-large-b2-s42", "commit": "af5d4716f682f8d53ebda464b301deffa2adee16", "private": false, "seed": 42, "encoder": "esco-xlm-roberta-large", "weights_sha256": "8d44b7f25de2cebe33a273a6caaf1aebc3076032d3d0fb0eceadb552bf9bc05f"}
[create] AlfredJames/cnss-table11-lskt-esco-xlm-roberta-large-b2-s43
[upload] AlfredJames/cnss-table11-lskt-esco-xlm-roberta-large-b2-s43 from /tmp/cnss_table11_hf_staging/esco-xlm-roberta-large/43
{"repo": "AlfredJames/cnss-table11-lskt-esco-xlm-roberta-large-b2-s43", "url": "https://huggingface.co/AlfredJames/cnss-table11-lskt-esco-xlm-roberta-large-b2-s43", "commit": "45e1fae014a21c738b4f727ba34b2f5c80324bfc", "private": false, "seed": 43, "encoder": "esco-xlm-roberta-large", "weights_sha256": "2efb6f69def4211a07a9ad30ee4563fe0dd83569d7e3687676b9077be6acc3aa"}
[create] AlfredJames/cnss-table11-lskt-esco-xlm-roberta-large-b2-s44
[upload] AlfredJames/cnss-table11-lskt-esco-xlm-roberta-large-b2-s44 from /tmp/cnss_table11_hf_staging/esco-xlm-roberta-large/44
{"repo": "AlfredJames/cnss-table11-lskt-esco-xlm-roberta-large-b2-s44", "url": "https://huggingface.co/AlfredJames/cnss-table11-lskt-esco-xlm-roberta-large-b2-s44", "commit": "55a0149ea5dda2ecafb0564c0c3368d1afa7f07a", "private": false, "seed": 44, "encoder": "esco-xlm-roberta-large", "weights_sha256": "98ce01afc2a13fad9cd7db1458c55332df23651d4ce84f6a4d9c653d5b9c9524"}
[done] /home/guojingli3/cnss_external_benchmarks_20260921/TABLE11_EVIDENCE_20260924/hf_publish_receipt.json
EXIT:0
