[create] new deposition
[draft] id=22937245 bucket=https://zenodo.org/api/files/d625379c-480c-4d7a-aa36-8365e81a2612
[upload] README.md (1621 bytes)
[upload] WEIGHTS_SHA256.txt (729 bytes)
[upload] table11_evidence_20260924.zip (564236 bytes)
[upload] cnss_table11_xlm-roberta-large_s42_sidecar.tar (22179840 bytes)
[upload] cnss_table11_xlm-roberta-large_s43_sidecar.tar (22179840 bytes)
[upload] cnss_table11_xlm-roberta-large_s44_sidecar.tar (22179840 bytes)
[upload] cnss_table11_esco-xlm-roberta-large_s42_sidecar.tar (22179840 bytes)
[upload] cnss_table11_esco-xlm-roberta-large_s43_sidecar.tar (22179840 bytes)
[upload] cnss_table11_esco-xlm-roberta-large_s44_sidecar.tar (22179840 bytes)
[upload] cnss_table11_xlm-roberta-large_s42_model.safetensors (2235448756 bytes)
upload cnss_table11_xlm-roberta-large_s42_model.safetensors: HTTP 502 <html>
<head><title>502 Bad Gateway</title></head>
<body>
<center><h1>502 Bad Gateway</h1></center>
<hr><center>nginx</center>
</body>
</html>

EXIT:1
